@main {
  a: int = const 100;
  a2: int = const 42;
  print a2;
}
